[leapuzo.framer.website/index.html]
[backblue.gif]
[fade.gif]
[index.html]
[framerusercontent.com/images/vjHX4CJivVbQ5m5Wm15wBLhlxbU.png]
[framerusercontent.com/images/Sq7Fh9MTlW0nIVVkWFqiMXfEm04.png]
[framerusercontent.com/images/AOtnZGjeEE7Cc5iQLvSLsz4vaQ.png]
[framerusercontent.com/images/Sq7Fh9MTlW0nIVVkWFqiMXfEm044f4d.png]
[leapuzo.framer.website/about.html]
[leapuzo.framer.website/services.html]
[leapuzo.framer.website/careers.html]
[leapuzo.framer.website/contact.html]
[framerusercontent.com/images/vniufJMsSAXh18yjYsUsriXaJgw.png]
[framerusercontent.com/images/yTyqzwdEKp9XJLQBwf8DmWnxws.png]
[framerusercontent.com/images/ffx7akDwhywGTdzIV6fqasW7N8.png]
[framerusercontent.com/images/QJyR5CNEY5EZDa18LPHJLBySZsY.png]
[framerusercontent.com/images/HQiQT243MN1itZOX771FxR6euwI1046.png]
[framerusercontent.com/images/SfVNYqckflrHoXY7vyHFMdHMtvMbd31.png]
[framerusercontent.com/images/JpttwFKiEz5bAScGHZcgWn0kU1e73.jpg]
[framerusercontent.com/images/QBKADS3Bt1pLEw3wW6VMScCsQaee7.jpg]
[framerusercontent.com/images/b66DbdpQZstwqU6TKLAOPWXN66Efadb.jpg]
[framerusercontent.com/images/mfBOMXV3h9mgcnaFEbgB2IdaxI85f7.jpg]
[framerusercontent.com/images/3cDiOfVUGSUbzMH4kqPyx0vtqo3bce.jpg]
[framerusercontent.com/images/iwFZSpckZ0p4GlPiG9fxZy9Wg2c36.jpg]
[framerusercontent.com/images/X8oeq3839LQZjc6Djz212Tt0LY480f.jpg]
[framerusercontent.com/images/SMw4HLQTBodbHsjC8i1cHaQD4ba7d.jpg]
[framerusercontent.com/images/3LllJmpctxDFmZyqCwaT0cUrCsaa04.png]
[framerusercontent.com/images/uDm97O4dgPo9uJa5yE0gJBkpUaa04.png]
[framerusercontent.com/images/VPOEMXXLCuqALFKVcT3tVqXe4e787.jpg]
[framerusercontent.com/images/QhmPyQhmOABnmhLq1Om2GzK5c9665.jpg]
[framerusercontent.com/images/1tgwq3AGUE3M5a61Hwcm9dE45A858f7.jpg]
[framerusercontent.com/images/Ms2rUGYAhFr1d4NZBxI9sanq9i4aa04.png]
[framerusercontent.com/images/YE3FbjXTJqfdWL8q4oY5PHqAhloc3e4.jpg]
[framerusercontent.com/images/wm5yrXtnXsCtWUiXmJivRvJZn1c63d6.jpg]
[framerusercontent.com/images/lFYxVm4W2Fm2MyjmFEf9opHbQ82e5f.png]
[framerusercontent.com/images/bs3FS9y6AftJOoKYUuBuzU0o6a00.jpg]
[framerusercontent.com/images/V5Fk8NkK3pCIeWcfItagjmRc5Rof091.jpg]
[framerusercontent.com/images/WgJ1uAKRezUGIo4R9S2U9ShGLo91c5.png]
[framerusercontent.com/images/djOHQqkdiIJKeW8otqY6f7J9zAf8e5.jpg]
[framerusercontent.com/images/LkFP2vozPwqgvdBNBGGOe2WEkcI026b.png]
[framerusercontent.com/images/mKBAKcgJFx8oZYzaaewHhSmHdA5663.png]
[framerusercontent.com/images/BdhXvJVkhsVw4lkdCd5qU9uNddI95a5.png]
[framerusercontent.com/images/ylYZI7ElMLZTcIyigNGfQlFFzVk5663.png]
[framerusercontent.com/images/t8cXEUfjZjy8AVV29xot8lRML5w5663.png]
[framerusercontent.com/images/5ORysUMU2OavY81ihGSNsASnZXw5663.png]
[framerusercontent.com/images/nsq2SOhFr8uMmkHXPHmBUgDtAU95a5.png]
[framerusercontent.com/images/uNGBpV6gFrn9cA88F3C7Px7ezjc5663.png]
[framerusercontent.com/images/3ebRU4gOLEgMlkW7eeYvlLDFThEc65e.png]
[framerusercontent.com/images/QxEpKLxGs60r6imOAnm7xOlDio5663.png]
[framerusercontent.com/images/1xOqMa4sAAwBCrdkiSJfIXupsef87.png]
[framerusercontent.com/images/jjGQmnCK9DnrLM4akTOerjVkp9Abf23.png]
[framerusercontent.com/images/1xOqMa4sAAwBCrdkiSJfIXups.png]
[framerusercontent.com/images/o7ZRjRZDArQ5JK4DPgZb6INa2s61c8.jpg]
[framerusercontent.com/images/4kDbgtTjGMYYZ1yl11ZLN48TS5Yfb96.jpg]
[framerusercontent.com/images/yJixNVMmmfkoAOhMyzHvGQzFvwc9a7.jpg]
[framerusercontent.com/images/YeAS2kSjs2y39sCNGWEpAkiNds046e.jpg]
[framerusercontent.com/images/m0zlC7S57PQXaajpE2IC8iT182884.jpg]
[framerusercontent.com/images/2nnn26dAWLj51sOiZEo1TP5OXw39ec.jpg]
[framerusercontent.com/images/yFN8kBTFIc9WE9A4Ei3OgIos77w90ee.png]
[framerusercontent.com/images/B35OaDbGf0HHvuJ0Vc2NHxUk9hU73d8.png]
[framerusercontent.com/images/VQxy0pRe7TSsvi9O8zVaH5r9U43069.png]
[framerusercontent.com/images/YYw3KuqHjQrunFCuro5G7zSyipw374f.jpg]
[framerusercontent.com/images/UneGIPyQF8NLuKGguunE8V7nHkbd31.png]
[framerusercontent.com/images/YfXbXQPJifTtLtHrv2Tg8xNsbd31.png]
[framerusercontent.com/images/Vo108zFcdBvh2XtPnbYmyycpr8M71cc.png]
[framerusercontent.com/images/jjGQmnCK9DnrLM4akTOerjVkp9Aa3a6.png]
[framerusercontent.com/images/AJtNoqVlyo7Z47bI7J58bE9LM6ddb.jpg]
[framerusercontent.com/images/0hb5vQkjoSSyS3GNtcWTAizeE5b71.jpg]
[framerusercontent.com/images/kVbzvC7nhnGeJ9fkMCrOhxdhg6ddb.jpg]
[framerusercontent.com/images/dcPW5FziXhgLZYbNmTHmuGJ8Ac6a1.jpg]
[framerusercontent.com/images/9Fc9V4baRF0lklgtj8OOE9k9DRA7c75.jpg]
[framerusercontent.com/images/F8OaXCimSOz2LcJGHyQ4WABRS1Q6ddb.jpg]
[framerusercontent.com/images/yFN8kBTFIc9WE9A4Ei3OgIos77w7cb5.png]
[framerusercontent.com/images/B35OaDbGf0HHvuJ0Vc2NHxUk9hU9c75.png]
[framerusercontent.com/images/VQxy0pRe7TSsvi9O8zVaH5r9U4f31a.png]
[framerusercontent.com/images/YYw3KuqHjQrunFCuro5G7zSyipwd8c2.jpg]
[leapuzo.framer.website/index.html]
[framerusercontent.com/images/D4ErzWG4z57fGk5ws1kcln2yEbd31.png]
[framerusercontent.com/images/nH767RZUsWuBFC2klo9IsxAu4U90ee.png]
[leapuzo.framer.website/about.html]
[framerusercontent.com/images/hiGYz6grmhAHSeZuNKHEuchTGTwf2a8.png]
[framerusercontent.com/images/MigtrlQObAYrCm0WShldvgyUsfb96.jpg]
[framerusercontent.com/images/iUfeO95rR4Cpzu8Q9PIdsV2S02dba.jpg]
[framerusercontent.com/images/appZQVHcUMKurcGGTTfdkogQ4c5e.jpg]
[framerusercontent.com/images/jHuzzVptjCgRdE8LnUrT3qJC2SEbd31.png]
[framerusercontent.com/images/jdYgsKU01AFIAkNYzFIRan4hGF0453a.jpg]
[framerusercontent.com/images/NyXweVAnOMkzSTVIvDcUzCWyWf060b7.jpg]
[framerusercontent.com/images/TDr7rPsSYK04zDzJ0lEq8uQfDEc65e.png]
[framerusercontent.com/images/BcJFEtQnwOAi0WGUrycHF4LYfxwfb96.jpg]
[framerusercontent.com/images/CXTuJ1EgA4qYldfhCYwt48SJls60b7.jpg]
[framerusercontent.com/images/TDr7rPsSYK04zDzJ0lEq8uQfDE14d6.png]
[framerusercontent.com/images/BcJFEtQnwOAi0WGUrycHF4LYfxw4dfa.jpg]
[framerusercontent.com/images/CXTuJ1EgA4qYldfhCYwt48SJlsfc5b.jpg]
[leapuzo.framer.website/services.html]
[framerusercontent.com/images/z7vu1iCL1mSgn2cRONPFkGmo5U95a5.png]
[framerusercontent.com/images/C3w0cjdMkAvqwHKPPwOSZT7vrM95a5.png]
[framerusercontent.com/images/NwvUCCmIg26K6ijRsyxf3j2gTWU90ee.png]
[leapuzo.framer.website/careers-contact.html]
[framerusercontent.com/images/6lTpgBZNwgzVK75mNewTtPaoVPo9b10.jpg]
[framerusercontent.com/images/AJGbkD708bNefCtcjZvjMi7ae0bd31.png]
[framerusercontent.com/images/1uE3qLD2L1QIU0oje45OufSYt46b40.jpg]
[framerusercontent.com/images/dpOEhNwxdwRTcZDjcMP6iUaL7fU8079.png]
[framerusercontent.com/images/9F1AtUOZxHs3woxbNPrgdZu3080b6.jpg]
[framerusercontent.com/images/ZFEG0AuIWgYvbvDugDNS78Lf0Vobd31.png]
[framerusercontent.com/images/NwvUCCmIg26K6ijRsyxf3j2gTWU964b.png]
[framerusercontent.com/images/6lTpgBZNwgzVK75mNewTtPaoVPodb52.jpg]
[framerusercontent.com/images/AJGbkD708bNefCtcjZvjMi7ae08c39.png]
[framerusercontent.com/images/1uE3qLD2L1QIU0oje45OufSYt4a8af.jpg]
[framerusercontent.com/images/dpOEhNwxdwRTcZDjcMP6iUaL7fUeea2.png]
[framerusercontent.com/images/9F1AtUOZxHs3woxbNPrgdZu3092ee.jpg]
[framerusercontent.com/images/ZFEG0AuIWgYvbvDugDNS78Lf0Vo3232.png]
[leapuzo.framer.website/careers.html]
[leapuzo.framer.website/contact.html]
[framerusercontent.com/images/cWSAej4vdrWWryxF7WQtpHQXmOAc65e.png]
[leapuzo.framer.website/careers-contact.html]
